2026-04-13 20:03:24.664 [main] INFO  com.juaracoding.Hooks - Setting up the WebDriver
2026-04-13 20:03:31.499 [main] INFO  com.juaracoding.Hooks - Before step: about:blank
2026-04-13 20:03:31.508 [main] INFO  com.juaracoding.InventoryTest - Initializing InventoryTest
2026-04-13 20:03:31.557 [main] INFO  com.juaracoding.InventoryTest - Navigating to the inventory page
2026-04-13 20:03:34.746 [main] INFO  com.juaracoding.Hooks - Before step: https://www.saucedemo.com/inventory.html
2026-04-13 20:03:34.786 [main] INFO  com.juaracoding.InventoryTest - User clicks the Add to Cart button for a product
2026-04-13 20:03:34.822 [main] INFO  com.juaracoding.Hooks - Before step: https://www.saucedemo.com/inventory.html
2026-04-13 20:03:34.839 [main] INFO  com.juaracoding.InventoryTest - Checking if product is added to the cart
2026-04-13 20:03:34.848 [main] INFO  com.juaracoding.Hooks - Before step: https://www.saucedemo.com/inventory.html
2026-04-13 20:03:34.861 [main] INFO  com.juaracoding.InventoryTest - Checking the cart icon for the number of items in the cart
2026-04-13 20:03:34.874 [main] INFO  com.juaracoding.Hooks - After scenario: https://www.saucedemo.com/inventory.html
2026-04-13 20:03:34.964 [main] INFO  com.juaracoding.Hooks - Setting up the WebDriver
2026-04-13 20:03:34.998 [main] INFO  com.juaracoding.Hooks - Before step: https://www.saucedemo.com/inventory.html
2026-04-13 20:03:35.007 [main] INFO  com.juaracoding.InventoryTest - Initializing InventoryTest
2026-04-13 20:03:35.009 [main] INFO  com.juaracoding.InventoryTest - Navigating to the inventory page
2026-04-13 20:03:36.357 [main] INFO  com.juaracoding.Hooks - Before step: https://www.saucedemo.com/inventory.html
2026-04-13 20:03:36.369 [main] INFO  com.juaracoding.InventoryTest - User clicks the Add to Cart button for product: Sauce Labs Backpack
2026-04-13 20:03:36.381 [main] INFO  com.juaracoding.Hooks - Before step: https://www.saucedemo.com/inventory.html
2026-04-13 20:03:36.392 [main] INFO  com.juaracoding.InventoryTest - Sauce Labs Backpack should be added to the cart
2026-04-13 20:03:36.399 [main] INFO  com.juaracoding.Hooks - Before step: https://www.saucedemo.com/inventory.html
2026-04-13 20:03:36.406 [main] INFO  com.juaracoding.InventoryTest - Checking the cart icon for the number of items in the cart
2026-04-13 20:03:36.413 [main] INFO  com.juaracoding.Hooks - After scenario: https://www.saucedemo.com/inventory.html
2026-04-13 20:03:36.431 [main] INFO  com.juaracoding.Hooks - Setting up the WebDriver
2026-04-13 20:03:36.439 [main] INFO  com.juaracoding.Hooks - Before step: https://www.saucedemo.com/inventory.html
2026-04-13 20:03:36.448 [main] INFO  com.juaracoding.InventoryTest - Initializing InventoryTest
2026-04-13 20:03:36.448 [main] INFO  com.juaracoding.InventoryTest - Navigating to the inventory page
2026-04-13 20:03:37.278 [main] INFO  com.juaracoding.Hooks - Before step: https://www.saucedemo.com/inventory.html
2026-04-13 20:03:37.285 [main] INFO  com.juaracoding.InventoryTest - User clicks the Add to Cart button for product: Sauce Labs Bike Light
2026-04-13 20:03:37.310 [main] INFO  com.juaracoding.Hooks - Before step: https://www.saucedemo.com/inventory.html
2026-04-13 20:03:37.332 [main] INFO  com.juaracoding.InventoryTest - Sauce Labs Bike Light should be added to the cart
2026-04-13 20:03:37.355 [main] INFO  com.juaracoding.Hooks - Before step: https://www.saucedemo.com/inventory.html
2026-04-13 20:03:37.363 [main] INFO  com.juaracoding.InventoryTest - Checking the cart icon for the number of items in the cart
2026-04-13 20:03:37.368 [main] INFO  com.juaracoding.Hooks - After scenario: https://www.saucedemo.com/inventory.html
2026-04-13 20:03:37.384 [main] INFO  com.juaracoding.Hooks - Setting up the WebDriver
2026-04-13 20:03:37.392 [main] INFO  com.juaracoding.Hooks - Before step: https://www.saucedemo.com/inventory.html
2026-04-13 20:03:37.416 [main] INFO  com.juaracoding.InventoryTest - Initializing InventoryTest
2026-04-13 20:03:37.420 [main] INFO  com.juaracoding.InventoryTest - Navigating to the inventory page
2026-04-13 20:03:38.148 [main] INFO  com.juaracoding.Hooks - Before step: https://www.saucedemo.com/inventory.html
2026-04-13 20:03:38.153 [main] INFO  com.juaracoding.InventoryTest - User clicks the Add to Cart button for product: Sauce Labs Bolt T-Shirt
2026-04-13 20:03:38.157 [main] INFO  com.juaracoding.Hooks - Before step: https://www.saucedemo.com/inventory.html
2026-04-13 20:03:38.162 [main] INFO  com.juaracoding.InventoryTest - Sauce Labs Bolt T-Shirt should be added to the cart
2026-04-13 20:03:38.169 [main] INFO  com.juaracoding.Hooks - Before step: https://www.saucedemo.com/inventory.html
2026-04-13 20:03:38.173 [main] INFO  com.juaracoding.InventoryTest - Checking the cart icon for the number of items in the cart
2026-04-13 20:03:38.178 [main] INFO  com.juaracoding.Hooks - After scenario: https://www.saucedemo.com/inventory.html
2026-04-13 20:03:38.195 [main] INFO  com.juaracoding.Hooks - Setting up the WebDriver
2026-04-13 20:03:38.203 [main] INFO  com.juaracoding.Hooks - Before step: https://www.saucedemo.com/inventory.html
2026-04-13 20:03:38.221 [main] INFO  com.juaracoding.LoginTest - Initializing LoginTest
2026-04-13 20:03:38.222 [main] INFO  com.juaracoding.LoginTest - Navigating to the login page
2026-04-13 20:03:38.555 [main] INFO  com.juaracoding.Hooks - Before step: https://www.saucedemo.com/
2026-04-13 20:03:38.563 [main] INFO  com.juaracoding.LoginTest - Entering valid username and password
2026-04-13 20:03:38.700 [main] INFO  com.juaracoding.Hooks - Before step: https://www.saucedemo.com/
2026-04-13 20:03:38.708 [main] INFO  com.juaracoding.LoginTest - Clicking the login button
2026-04-13 20:03:38.869 [main] INFO  com.juaracoding.Hooks - Before step: https://www.saucedemo.com/inventory.html
2026-04-13 20:03:38.874 [main] INFO  com.juaracoding.LoginTest - Checking if user is redirected to the inventory page
2026-04-13 20:03:38.888 [main] INFO  com.juaracoding.Hooks - Before step: https://www.saucedemo.com/inventory.html
2026-04-13 20:03:38.892 [main] INFO  com.juaracoding.LoginTest - Checking the page header
2026-04-13 20:03:38.921 [main] INFO  com.juaracoding.Hooks - After scenario: https://www.saucedemo.com/inventory.html
2026-04-13 20:03:38.934 [main] INFO  com.juaracoding.Hooks - Setting up the WebDriver
2026-04-13 20:03:38.937 [main] INFO  com.juaracoding.Hooks - Before step: https://www.saucedemo.com/inventory.html
2026-04-13 20:03:38.943 [main] INFO  com.juaracoding.LoginTest - Initializing LoginTest
2026-04-13 20:03:38.944 [main] INFO  com.juaracoding.LoginTest - Entering invalid username and password
2026-04-13 20:03:39.394 [main] INFO  com.juaracoding.Hooks - Before step: https://www.saucedemo.com/
2026-04-13 20:03:39.400 [main] INFO  com.juaracoding.LoginTest - Clicking the login button
2026-04-13 20:03:39.508 [main] INFO  com.juaracoding.Hooks - Before step: https://www.saucedemo.com/
2026-04-13 20:03:39.516 [main] INFO  com.juaracoding.LoginTest - Checking for error message
2026-04-13 20:03:39.591 [main] INFO  com.juaracoding.Hooks - After scenario: https://www.saucedemo.com/
2026-04-13 20:03:39.601 [main] INFO  com.juaracoding.Hooks - Tearing down the WebDriver
2026-04-13 20:32:32.313 [main] INFO  com.juaracoding.Hooks - Setting up the WebDriver
2026-04-13 20:32:41.560 [main] INFO  com.juaracoding.Hooks - Before step: about:blank
2026-04-13 20:32:41.657 [main] INFO  com.juaracoding.InventoryTest - Initializing InventoryTest
2026-04-13 20:32:41.818 [main] INFO  com.juaracoding.InventoryTest - Navigating to the inventory page
2026-04-13 20:32:44.933 [main] INFO  com.juaracoding.Hooks - Before step: https://www.saucedemo.com/inventory.html
2026-04-13 20:32:44.953 [main] INFO  com.juaracoding.InventoryTest - User clicks the Add to Cart button for a product
2026-04-13 20:32:44.960 [main] INFO  com.juaracoding.Hooks - Before step: https://www.saucedemo.com/inventory.html
2026-04-13 20:32:44.985 [main] INFO  com.juaracoding.InventoryTest - Checking if product is added to the cart
2026-04-13 20:32:45.061 [main] INFO  com.juaracoding.Hooks - Before step: https://www.saucedemo.com/inventory.html
2026-04-13 20:32:45.089 [main] INFO  com.juaracoding.InventoryTest - Checking the cart icon for the number of items in the cart
2026-04-13 20:32:45.115 [main] INFO  com.juaracoding.Hooks - After scenario: https://www.saucedemo.com/inventory.html
2026-04-13 20:32:45.209 [main] INFO  com.juaracoding.Hooks - Setting up the WebDriver
2026-04-13 20:32:45.234 [main] INFO  com.juaracoding.Hooks - Before step: https://www.saucedemo.com/inventory.html
2026-04-13 20:32:45.250 [main] INFO  com.juaracoding.InventoryTest - Initializing InventoryTest
2026-04-13 20:32:45.252 [main] INFO  com.juaracoding.InventoryTest - Navigating to the inventory page
2026-04-13 20:32:46.321 [main] INFO  com.juaracoding.Hooks - Before step: https://www.saucedemo.com/inventory.html
2026-04-13 20:32:46.336 [main] INFO  com.juaracoding.InventoryTest - User clicks the Add to Cart button for product: Sauce Labs Backpack
2026-04-13 20:32:46.345 [main] INFO  com.juaracoding.Hooks - Before step: https://www.saucedemo.com/inventory.html
2026-04-13 20:32:46.362 [main] INFO  com.juaracoding.InventoryTest - Sauce Labs Backpack should be added to the cart
2026-04-13 20:32:46.389 [main] INFO  com.juaracoding.Hooks - Before step: https://www.saucedemo.com/inventory.html
2026-04-13 20:32:46.408 [main] INFO  com.juaracoding.InventoryTest - Checking the cart icon for the number of items in the cart
2026-04-13 20:32:46.414 [main] INFO  com.juaracoding.Hooks - After scenario: https://www.saucedemo.com/inventory.html
2026-04-13 20:32:46.433 [main] INFO  com.juaracoding.Hooks - Setting up the WebDriver
2026-04-13 20:32:46.442 [main] INFO  com.juaracoding.Hooks - Before step: https://www.saucedemo.com/inventory.html
2026-04-13 20:32:46.462 [main] INFO  com.juaracoding.InventoryTest - Initializing InventoryTest
2026-04-13 20:32:46.463 [main] INFO  com.juaracoding.InventoryTest - Navigating to the inventory page
2026-04-13 20:32:47.455 [main] INFO  com.juaracoding.Hooks - Before step: https://www.saucedemo.com/inventory.html
2026-04-13 20:32:47.493 [main] INFO  com.juaracoding.InventoryTest - User clicks the Add to Cart button for product: Sauce Labs Bike Light
2026-04-13 20:32:47.599 [main] INFO  com.juaracoding.Hooks - Before step: https://www.saucedemo.com/inventory.html
2026-04-13 20:32:47.612 [main] INFO  com.juaracoding.InventoryTest - Sauce Labs Bike Light should be added to the cart
2026-04-13 20:32:47.621 [main] INFO  com.juaracoding.Hooks - Before step: https://www.saucedemo.com/inventory.html
2026-04-13 20:32:47.639 [main] INFO  com.juaracoding.InventoryTest - Checking the cart icon for the number of items in the cart
2026-04-13 20:32:47.646 [main] INFO  com.juaracoding.Hooks - After scenario: https://www.saucedemo.com/inventory.html
2026-04-13 20:32:47.756 [main] INFO  com.juaracoding.Hooks - Setting up the WebDriver
2026-04-13 20:32:47.772 [main] INFO  com.juaracoding.Hooks - Before step: https://www.saucedemo.com/inventory.html
2026-04-13 20:32:47.798 [main] INFO  com.juaracoding.InventoryTest - Initializing InventoryTest
2026-04-13 20:32:47.801 [main] INFO  com.juaracoding.InventoryTest - Navigating to the inventory page
2026-04-13 20:32:49.055 [main] INFO  com.juaracoding.Hooks - Before step: https://www.saucedemo.com/inventory.html
2026-04-13 20:32:49.073 [main] INFO  com.juaracoding.InventoryTest - User clicks the Add to Cart button for product: Sauce Labs Bolt T-Shirt
2026-04-13 20:32:49.084 [main] INFO  com.juaracoding.Hooks - Before step: https://www.saucedemo.com/inventory.html
2026-04-13 20:32:49.096 [main] INFO  com.juaracoding.InventoryTest - Sauce Labs Bolt T-Shirt should be added to the cart
2026-04-13 20:32:49.136 [main] INFO  com.juaracoding.Hooks - Before step: https://www.saucedemo.com/inventory.html
2026-04-13 20:32:49.160 [main] INFO  com.juaracoding.InventoryTest - Checking the cart icon for the number of items in the cart
2026-04-13 20:32:49.169 [main] INFO  com.juaracoding.Hooks - After scenario: https://www.saucedemo.com/inventory.html
2026-04-13 20:32:49.195 [main] INFO  com.juaracoding.Hooks - Setting up the WebDriver
2026-04-13 20:32:49.226 [main] INFO  com.juaracoding.Hooks - Before step: https://www.saucedemo.com/inventory.html
2026-04-13 20:32:49.441 [main] INFO  com.juaracoding.LoginTest - Initializing LoginTest
2026-04-13 20:32:49.444 [main] INFO  com.juaracoding.LoginTest - Navigating to the login page
2026-04-13 20:32:49.785 [main] INFO  com.juaracoding.Hooks - Before step: https://www.saucedemo.com/
2026-04-13 20:32:49.806 [main] INFO  com.juaracoding.LoginTest - Entering valid username and password
2026-04-13 20:32:49.989 [main] INFO  com.juaracoding.Hooks - Before step: https://www.saucedemo.com/
2026-04-13 20:32:50.000 [main] INFO  com.juaracoding.LoginTest - Clicking the login button
2026-04-13 20:32:50.134 [main] INFO  com.juaracoding.Hooks - Before step: https://www.saucedemo.com/inventory.html
2026-04-13 20:32:50.150 [main] INFO  com.juaracoding.LoginTest - Checking if user is redirected to the inventory page
2026-04-13 20:32:50.171 [main] INFO  com.juaracoding.Hooks - Before step: https://www.saucedemo.com/inventory.html
2026-04-13 20:32:50.185 [main] INFO  com.juaracoding.LoginTest - Checking the page header
2026-04-13 20:32:50.222 [main] INFO  com.juaracoding.Hooks - After scenario: https://www.saucedemo.com/inventory.html
2026-04-13 20:32:50.239 [main] INFO  com.juaracoding.Hooks - Setting up the WebDriver
2026-04-13 20:32:50.248 [main] INFO  com.juaracoding.Hooks - Before step: https://www.saucedemo.com/inventory.html
2026-04-13 20:32:50.262 [main] INFO  com.juaracoding.LoginTest - Initializing LoginTest
2026-04-13 20:32:50.264 [main] INFO  com.juaracoding.LoginTest - Entering invalid username and password
2026-04-13 20:32:50.606 [main] INFO  com.juaracoding.Hooks - Before step: https://www.saucedemo.com/
2026-04-13 20:32:50.616 [main] INFO  com.juaracoding.LoginTest - Clicking the login button
2026-04-13 20:32:50.730 [main] INFO  com.juaracoding.Hooks - Before step: https://www.saucedemo.com/
2026-04-13 20:32:50.740 [main] INFO  com.juaracoding.LoginTest - Checking for error message
2026-04-13 20:32:50.797 [main] INFO  com.juaracoding.Hooks - After scenario: https://www.saucedemo.com/
2026-04-13 20:32:50.811 [main] INFO  com.juaracoding.Hooks - Tearing down the WebDriver
2026-04-13 20:37:12.023 [main] INFO  com.juaracoding.Hooks - Setting up the WebDriver
2026-04-13 20:37:21.184 [main] INFO  com.juaracoding.Hooks - Before step: about:blank
2026-04-13 20:37:21.427 [main] INFO  com.juaracoding.InventoryTest - Initializing InventoryTest
2026-04-13 20:37:22.207 [main] INFO  com.juaracoding.InventoryTest - Navigating to the inventory page
2026-04-13 20:37:24.757 [main] INFO  com.juaracoding.Hooks - Before step: https://www.saucedemo.com/inventory.html
2026-04-13 20:37:24.806 [main] INFO  com.juaracoding.InventoryTest - User clicks the Add to Cart button for a product
2026-04-13 20:37:24.821 [main] INFO  com.juaracoding.Hooks - Before step: https://www.saucedemo.com/inventory.html
2026-04-13 20:37:24.904 [main] INFO  com.juaracoding.InventoryTest - Checking if product is added to the cart
2026-04-13 20:37:24.910 [main] INFO  com.juaracoding.Hooks - Before step: https://www.saucedemo.com/inventory.html
2026-04-13 20:37:24.961 [main] INFO  com.juaracoding.InventoryTest - Checking the cart icon for the number of items in the cart
2026-04-13 20:37:24.972 [main] INFO  com.juaracoding.Hooks - After scenario: https://www.saucedemo.com/inventory.html
2026-04-13 20:37:25.005 [main] INFO  com.juaracoding.Hooks - Setting up the WebDriver
2026-04-13 20:37:25.014 [main] INFO  com.juaracoding.Hooks - Before step: https://www.saucedemo.com/inventory.html
2026-04-13 20:37:25.027 [main] INFO  com.juaracoding.InventoryTest - Initializing InventoryTest
2026-04-13 20:37:25.029 [main] INFO  com.juaracoding.InventoryTest - Navigating to the inventory page
2026-04-13 20:37:26.094 [main] INFO  com.juaracoding.Hooks - Before step: https://www.saucedemo.com/inventory.html
2026-04-13 20:37:26.111 [main] INFO  com.juaracoding.InventoryTest - User clicks the Add to Cart button for product: Sauce Labs Backpack
2026-04-13 20:37:26.125 [main] INFO  com.juaracoding.Hooks - Before step: https://www.saucedemo.com/inventory.html
2026-04-13 20:37:26.149 [main] INFO  com.juaracoding.InventoryTest - Sauce Labs Backpack should be added to the cart
2026-04-13 20:37:26.200 [main] INFO  com.juaracoding.Hooks - Before step: https://www.saucedemo.com/inventory.html
2026-04-13 20:37:26.210 [main] INFO  com.juaracoding.InventoryTest - Checking the cart icon for the number of items in the cart
2026-04-13 20:37:26.217 [main] INFO  com.juaracoding.Hooks - After scenario: https://www.saucedemo.com/inventory.html
2026-04-13 20:37:26.230 [main] INFO  com.juaracoding.Hooks - Setting up the WebDriver
2026-04-13 20:37:26.271 [main] INFO  com.juaracoding.Hooks - Before step: https://www.saucedemo.com/inventory.html
2026-04-13 20:37:26.285 [main] INFO  com.juaracoding.InventoryTest - Initializing InventoryTest
2026-04-13 20:37:26.288 [main] INFO  com.juaracoding.InventoryTest - Navigating to the inventory page
2026-04-13 20:37:27.258 [main] INFO  com.juaracoding.Hooks - Before step: https://www.saucedemo.com/inventory.html
2026-04-13 20:37:27.271 [main] INFO  com.juaracoding.InventoryTest - User clicks the Add to Cart button for product: Sauce Labs Bike Light
2026-04-13 20:37:27.422 [main] INFO  com.juaracoding.Hooks - Before step: https://www.saucedemo.com/inventory.html
2026-04-13 20:37:27.434 [main] INFO  com.juaracoding.InventoryTest - Sauce Labs Bike Light should be added to the cart
2026-04-13 20:37:27.440 [main] INFO  com.juaracoding.Hooks - Before step: https://www.saucedemo.com/inventory.html
2026-04-13 20:37:27.452 [main] INFO  com.juaracoding.InventoryTest - Checking the cart icon for the number of items in the cart
2026-04-13 20:37:27.460 [main] INFO  com.juaracoding.Hooks - After scenario: https://www.saucedemo.com/inventory.html
2026-04-13 20:37:27.505 [main] INFO  com.juaracoding.Hooks - Setting up the WebDriver
2026-04-13 20:37:27.511 [main] INFO  com.juaracoding.Hooks - Before step: https://www.saucedemo.com/inventory.html
2026-04-13 20:37:27.533 [main] INFO  com.juaracoding.InventoryTest - Initializing InventoryTest
2026-04-13 20:37:27.534 [main] INFO  com.juaracoding.InventoryTest - Navigating to the inventory page
2026-04-13 20:37:28.352 [main] INFO  com.juaracoding.Hooks - Before step: https://www.saucedemo.com/inventory.html
2026-04-13 20:37:28.369 [main] INFO  com.juaracoding.InventoryTest - User clicks the Add to Cart button for product: Sauce Labs Bolt T-Shirt
2026-04-13 20:37:28.377 [main] INFO  com.juaracoding.Hooks - Before step: https://www.saucedemo.com/inventory.html
2026-04-13 20:37:28.388 [main] INFO  com.juaracoding.InventoryTest - Sauce Labs Bolt T-Shirt should be added to the cart
2026-04-13 20:37:28.395 [main] INFO  com.juaracoding.Hooks - Before step: https://www.saucedemo.com/inventory.html
2026-04-13 20:37:28.410 [main] INFO  com.juaracoding.InventoryTest - Checking the cart icon for the number of items in the cart
2026-04-13 20:37:28.421 [main] INFO  com.juaracoding.Hooks - After scenario: https://www.saucedemo.com/inventory.html
2026-04-13 20:37:28.437 [main] INFO  com.juaracoding.Hooks - Setting up the WebDriver
2026-04-13 20:37:28.494 [main] INFO  com.juaracoding.Hooks - Before step: https://www.saucedemo.com/inventory.html
2026-04-13 20:37:28.517 [main] INFO  com.juaracoding.LoginTest - Initializing LoginTest
2026-04-13 20:37:28.519 [main] INFO  com.juaracoding.LoginTest - Navigating to the login page
2026-04-13 20:37:28.841 [main] INFO  com.juaracoding.Hooks - Before step: https://www.saucedemo.com/
2026-04-13 20:37:28.860 [main] INFO  com.juaracoding.LoginTest - Entering valid username and password
2026-04-13 20:37:29.137 [main] INFO  com.juaracoding.Hooks - Before step: https://www.saucedemo.com/
2026-04-13 20:37:29.147 [main] INFO  com.juaracoding.LoginTest - Clicking the login button
2026-04-13 20:37:29.288 [main] INFO  com.juaracoding.Hooks - Before step: https://www.saucedemo.com/inventory.html
2026-04-13 20:37:29.305 [main] INFO  com.juaracoding.LoginTest - Checking if user is redirected to the inventory page
2026-04-13 20:37:29.335 [main] INFO  com.juaracoding.Hooks - Before step: https://www.saucedemo.com/inventory.html
2026-04-13 20:37:29.346 [main] INFO  com.juaracoding.LoginTest - Checking the page header
2026-04-13 20:37:29.389 [main] INFO  com.juaracoding.Hooks - After scenario: https://www.saucedemo.com/inventory.html
2026-04-13 20:37:29.400 [main] INFO  com.juaracoding.Hooks - Setting up the WebDriver
2026-04-13 20:37:29.408 [main] INFO  com.juaracoding.Hooks - Before step: https://www.saucedemo.com/inventory.html
2026-04-13 20:37:29.456 [main] INFO  com.juaracoding.LoginTest - Initializing LoginTest
2026-04-13 20:37:29.458 [main] INFO  com.juaracoding.LoginTest - Entering invalid username and password
2026-04-13 20:37:29.809 [main] INFO  com.juaracoding.Hooks - Before step: https://www.saucedemo.com/
2026-04-13 20:37:29.821 [main] INFO  com.juaracoding.LoginTest - Clicking the login button
2026-04-13 20:37:29.932 [main] INFO  com.juaracoding.Hooks - Before step: https://www.saucedemo.com/
2026-04-13 20:37:29.942 [main] INFO  com.juaracoding.LoginTest - Checking for error message
2026-04-13 20:37:29.990 [main] INFO  com.juaracoding.Hooks - After scenario: https://www.saucedemo.com/
2026-04-13 20:37:30.099 [main] INFO  com.juaracoding.Hooks - Tearing down the WebDriver
2026-04-13 20:52:28.265 [main] INFO  com.juaracoding.Hooks - Setting up the WebDriver
2026-04-13 20:52:36.491 [main] INFO  com.juaracoding.Hooks - Before step: about:blank
2026-04-13 20:52:36.522 [main] INFO  com.juaracoding.InventoryTest - Initializing InventoryTest
2026-04-13 20:52:36.854 [main] INFO  com.juaracoding.InventoryTest - Navigating to the inventory page
2026-04-13 20:52:40.264 [main] INFO  com.juaracoding.Hooks - Before step: https://www.saucedemo.com/inventory.html
2026-04-13 20:52:40.353 [main] INFO  com.juaracoding.InventoryTest - User clicks the Add to Cart button for a product
2026-04-13 20:52:40.387 [main] INFO  com.juaracoding.Hooks - Before step: https://www.saucedemo.com/inventory.html
2026-04-13 20:52:40.403 [main] INFO  com.juaracoding.InventoryTest - Checking if product is added to the cart
2026-04-13 20:52:40.417 [main] INFO  com.juaracoding.Hooks - Before step: https://www.saucedemo.com/inventory.html
2026-04-13 20:52:40.432 [main] INFO  com.juaracoding.InventoryTest - Checking the cart icon for the number of items in the cart
2026-04-13 20:52:40.471 [main] INFO  com.juaracoding.Hooks - After scenario: https://www.saucedemo.com/inventory.html
2026-04-13 20:52:40.527 [main] INFO  com.juaracoding.Hooks - Setting up the WebDriver
2026-04-13 20:52:40.540 [main] INFO  com.juaracoding.Hooks - Before step: https://www.saucedemo.com/inventory.html
2026-04-13 20:52:40.558 [main] INFO  com.juaracoding.InventoryTest - Initializing InventoryTest
2026-04-13 20:52:40.558 [main] INFO  com.juaracoding.InventoryTest - Navigating to the inventory page
2026-04-13 20:52:41.444 [main] INFO  com.juaracoding.Hooks - Before step: https://www.saucedemo.com/inventory.html
2026-04-13 20:52:41.457 [main] INFO  com.juaracoding.InventoryTest - User clicks the Add to Cart button for product: Sauce Labs Backpack
2026-04-13 20:52:41.469 [main] INFO  com.juaracoding.Hooks - Before step: https://www.saucedemo.com/inventory.html
2026-04-13 20:52:41.502 [main] INFO  com.juaracoding.InventoryTest - Sauce Labs Backpack should be added to the cart
2026-04-13 20:52:41.510 [main] INFO  com.juaracoding.Hooks - Before step: https://www.saucedemo.com/inventory.html
2026-04-13 20:52:41.523 [main] INFO  com.juaracoding.InventoryTest - Checking the cart icon for the number of items in the cart
2026-04-13 20:52:41.535 [main] INFO  com.juaracoding.Hooks - After scenario: https://www.saucedemo.com/inventory.html
2026-04-13 20:52:41.560 [main] INFO  com.juaracoding.Hooks - Setting up the WebDriver
2026-04-13 20:52:41.569 [main] INFO  com.juaracoding.Hooks - Before step: https://www.saucedemo.com/inventory.html
2026-04-13 20:52:41.586 [main] INFO  com.juaracoding.InventoryTest - Initializing InventoryTest
2026-04-13 20:52:41.588 [main] INFO  com.juaracoding.InventoryTest - Navigating to the inventory page
2026-04-13 20:52:42.273 [main] INFO  com.juaracoding.Hooks - Before step: https://www.saucedemo.com/inventory.html
2026-04-13 20:52:42.308 [main] INFO  com.juaracoding.InventoryTest - User clicks the Add to Cart button for product: Sauce Labs Bike Light
2026-04-13 20:52:42.318 [main] INFO  com.juaracoding.Hooks - Before step: https://www.saucedemo.com/inventory.html
2026-04-13 20:52:42.350 [main] INFO  com.juaracoding.InventoryTest - Sauce Labs Bike Light should be added to the cart
2026-04-13 20:52:42.356 [main] INFO  com.juaracoding.Hooks - Before step: https://www.saucedemo.com/inventory.html
2026-04-13 20:52:42.374 [main] INFO  com.juaracoding.InventoryTest - Checking the cart icon for the number of items in the cart
2026-04-13 20:52:42.382 [main] INFO  com.juaracoding.Hooks - After scenario: https://www.saucedemo.com/inventory.html
2026-04-13 20:52:42.396 [main] INFO  com.juaracoding.Hooks - Setting up the WebDriver
2026-04-13 20:52:42.413 [main] INFO  com.juaracoding.Hooks - Before step: https://www.saucedemo.com/inventory.html
2026-04-13 20:52:42.467 [main] INFO  com.juaracoding.InventoryTest - Initializing InventoryTest
2026-04-13 20:52:42.468 [main] INFO  com.juaracoding.InventoryTest - Navigating to the inventory page
2026-04-13 20:52:43.262 [main] INFO  com.juaracoding.Hooks - Before step: https://www.saucedemo.com/inventory.html
2026-04-13 20:52:43.292 [main] INFO  com.juaracoding.InventoryTest - User clicks the Add to Cart button for product: Sauce Labs Bolt T-Shirt
2026-04-13 20:52:43.305 [main] INFO  com.juaracoding.Hooks - Before step: https://www.saucedemo.com/inventory.html
2026-04-13 20:52:43.324 [main] INFO  com.juaracoding.InventoryTest - Sauce Labs Bolt T-Shirt should be added to the cart
2026-04-13 20:52:43.337 [main] INFO  com.juaracoding.Hooks - Before step: https://www.saucedemo.com/inventory.html
2026-04-13 20:52:43.352 [main] INFO  com.juaracoding.InventoryTest - Checking the cart icon for the number of items in the cart
2026-04-13 20:52:43.357 [main] INFO  com.juaracoding.Hooks - After scenario: https://www.saucedemo.com/inventory.html
2026-04-13 20:52:43.421 [main] INFO  com.juaracoding.Hooks - Setting up the WebDriver
2026-04-13 20:52:43.617 [main] INFO  com.juaracoding.Hooks - Before step: https://www.saucedemo.com/inventory.html
2026-04-13 20:52:43.655 [main] INFO  com.juaracoding.LoginTest - Initializing LoginTest
2026-04-13 20:52:43.693 [main] INFO  com.juaracoding.LoginTest - Navigating to the login page
2026-04-13 20:52:44.141 [main] INFO  com.juaracoding.Hooks - Before step: https://www.saucedemo.com/
2026-04-13 20:52:44.156 [main] INFO  com.juaracoding.LoginTest - Entering valid username and password
2026-04-13 20:52:44.337 [main] INFO  com.juaracoding.Hooks - Before step: https://www.saucedemo.com/
2026-04-13 20:52:44.355 [main] INFO  com.juaracoding.LoginTest - Clicking the login button
2026-04-13 20:52:44.493 [main] INFO  com.juaracoding.Hooks - Before step: https://www.saucedemo.com/inventory.html
2026-04-13 20:52:44.512 [main] INFO  com.juaracoding.LoginTest - Checking if user is redirected to the inventory page
2026-04-13 20:52:44.559 [main] INFO  com.juaracoding.Hooks - Before step: https://www.saucedemo.com/inventory.html
2026-04-13 20:52:44.575 [main] INFO  com.juaracoding.LoginTest - Checking the page header
2026-04-13 20:52:44.619 [main] INFO  com.juaracoding.Hooks - After scenario: https://www.saucedemo.com/inventory.html
2026-04-13 20:52:44.632 [main] INFO  com.juaracoding.Hooks - Setting up the WebDriver
2026-04-13 20:52:44.639 [main] INFO  com.juaracoding.Hooks - Before step: https://www.saucedemo.com/inventory.html
2026-04-13 20:52:44.656 [main] INFO  com.juaracoding.LoginTest - Initializing LoginTest
2026-04-13 20:52:44.660 [main] INFO  com.juaracoding.LoginTest - Entering invalid username and password
2026-04-13 20:52:45.054 [main] INFO  com.juaracoding.Hooks - Before step: https://www.saucedemo.com/
2026-04-13 20:52:45.067 [main] INFO  com.juaracoding.LoginTest - Clicking the login button
2026-04-13 20:52:45.187 [main] INFO  com.juaracoding.Hooks - Before step: https://www.saucedemo.com/
2026-04-13 20:52:45.199 [main] INFO  com.juaracoding.LoginTest - Checking for error message
2026-04-13 20:52:45.272 [main] INFO  com.juaracoding.Hooks - After scenario: https://www.saucedemo.com/
2026-04-13 20:52:45.309 [main] INFO  com.juaracoding.Hooks - Tearing down the WebDriver
2026-04-13 20:55:13.522 [main] INFO  com.juaracoding.Hooks - Setting up the WebDriver
2026-04-13 20:55:21.892 [main] INFO  com.juaracoding.Hooks - Before step: about:blank
2026-04-13 20:55:21.932 [main] INFO  com.juaracoding.InventoryTest - Initializing InventoryTest
2026-04-13 20:55:22.142 [main] INFO  com.juaracoding.InventoryTest - Navigating to the inventory page
2026-04-13 20:55:26.235 [main] INFO  com.juaracoding.Hooks - Before step: https://www.saucedemo.com/inventory.html
2026-04-13 20:55:26.302 [main] INFO  com.juaracoding.InventoryTest - User clicks the Add to Cart button for a product
2026-04-13 20:55:26.337 [main] INFO  com.juaracoding.Hooks - Before step: https://www.saucedemo.com/inventory.html
2026-04-13 20:55:26.402 [main] INFO  com.juaracoding.InventoryTest - Checking if product is added to the cart
2026-04-13 20:55:26.462 [main] INFO  com.juaracoding.Hooks - Before step: https://www.saucedemo.com/inventory.html
2026-04-13 20:55:26.501 [main] INFO  com.juaracoding.InventoryTest - Checking the cart icon for the number of items in the cart
2026-04-13 20:55:26.520 [main] INFO  com.juaracoding.Hooks - After scenario: https://www.saucedemo.com/inventory.html
2026-04-13 20:55:26.726 [main] INFO  com.juaracoding.Hooks - Setting up the WebDriver
2026-04-13 20:55:26.752 [main] INFO  com.juaracoding.Hooks - Before step: https://www.saucedemo.com/inventory.html
2026-04-13 20:55:26.772 [main] INFO  com.juaracoding.InventoryTest - Initializing InventoryTest
2026-04-13 20:55:26.775 [main] INFO  com.juaracoding.InventoryTest - Navigating to the inventory page
2026-04-13 20:55:27.801 [main] INFO  com.juaracoding.Hooks - Before step: https://www.saucedemo.com/inventory.html
2026-04-13 20:55:27.816 [main] INFO  com.juaracoding.InventoryTest - User clicks the Add to Cart button for product: Sauce Labs Backpack
2026-04-13 20:55:27.827 [main] INFO  com.juaracoding.Hooks - Before step: https://www.saucedemo.com/inventory.html
2026-04-13 20:55:27.846 [main] INFO  com.juaracoding.InventoryTest - Sauce Labs Backpack should be added to the cart
2026-04-13 20:55:27.855 [main] INFO  com.juaracoding.Hooks - Before step: https://www.saucedemo.com/inventory.html
2026-04-13 20:55:27.872 [main] INFO  com.juaracoding.InventoryTest - Checking the cart icon for the number of items in the cart
2026-04-13 20:55:27.878 [main] INFO  com.juaracoding.Hooks - After scenario: https://www.saucedemo.com/inventory.html
2026-04-13 20:55:27.895 [main] INFO  com.juaracoding.Hooks - Setting up the WebDriver
2026-04-13 20:55:27.907 [main] INFO  com.juaracoding.Hooks - Before step: https://www.saucedemo.com/inventory.html
2026-04-13 20:55:27.927 [main] INFO  com.juaracoding.InventoryTest - Initializing InventoryTest
2026-04-13 20:55:27.934 [main] INFO  com.juaracoding.InventoryTest - Navigating to the inventory page
2026-04-13 20:55:28.734 [main] INFO  com.juaracoding.Hooks - Before step: https://www.saucedemo.com/inventory.html
2026-04-13 20:55:28.745 [main] INFO  com.juaracoding.InventoryTest - User clicks the Add to Cart button for product: Sauce Labs Bike Light
2026-04-13 20:55:28.752 [main] INFO  com.juaracoding.Hooks - Before step: https://www.saucedemo.com/inventory.html
2026-04-13 20:55:28.763 [main] INFO  com.juaracoding.InventoryTest - Sauce Labs Bike Light should be added to the cart
2026-04-13 20:55:28.771 [main] INFO  com.juaracoding.Hooks - Before step: https://www.saucedemo.com/inventory.html
2026-04-13 20:55:28.782 [main] INFO  com.juaracoding.InventoryTest - Checking the cart icon for the number of items in the cart
2026-04-13 20:55:28.791 [main] INFO  com.juaracoding.Hooks - After scenario: https://www.saucedemo.com/inventory.html
2026-04-13 20:55:28.829 [main] INFO  com.juaracoding.Hooks - Setting up the WebDriver
2026-04-13 20:55:28.836 [main] INFO  com.juaracoding.Hooks - Before step: https://www.saucedemo.com/inventory.html
2026-04-13 20:55:28.855 [main] INFO  com.juaracoding.InventoryTest - Initializing InventoryTest
2026-04-13 20:55:28.858 [main] INFO  com.juaracoding.InventoryTest - Navigating to the inventory page
2026-04-13 20:55:29.790 [main] INFO  com.juaracoding.Hooks - Before step: https://www.saucedemo.com/inventory.html
2026-04-13 20:55:29.804 [main] INFO  com.juaracoding.InventoryTest - User clicks the Add to Cart button for product: Sauce Labs Bolt T-Shirt
2026-04-13 20:55:29.817 [main] INFO  com.juaracoding.Hooks - Before step: https://www.saucedemo.com/inventory.html
2026-04-13 20:55:29.833 [main] INFO  com.juaracoding.InventoryTest - Sauce Labs Bolt T-Shirt should be added to the cart
2026-04-13 20:55:29.839 [main] INFO  com.juaracoding.Hooks - Before step: https://www.saucedemo.com/inventory.html
2026-04-13 20:55:29.851 [main] INFO  com.juaracoding.InventoryTest - Checking the cart icon for the number of items in the cart
2026-04-13 20:55:29.865 [main] INFO  com.juaracoding.Hooks - After scenario: https://www.saucedemo.com/inventory.html
2026-04-13 20:55:29.903 [main] INFO  com.juaracoding.Hooks - Setting up the WebDriver
2026-04-13 20:55:29.915 [main] INFO  com.juaracoding.Hooks - Before step: https://www.saucedemo.com/inventory.html
2026-04-13 20:55:29.937 [main] INFO  com.juaracoding.LoginTest - Initializing LoginTest
2026-04-13 20:55:29.940 [main] INFO  com.juaracoding.LoginTest - Navigating to the login page
2026-04-13 20:55:30.265 [main] INFO  com.juaracoding.Hooks - Before step: https://www.saucedemo.com/
2026-04-13 20:55:30.299 [main] INFO  com.juaracoding.LoginTest - Entering valid username and password
2026-04-13 20:55:30.503 [main] INFO  com.juaracoding.Hooks - Before step: https://www.saucedemo.com/
2026-04-13 20:55:30.513 [main] INFO  com.juaracoding.LoginTest - Clicking the login button
2026-04-13 20:55:30.679 [main] INFO  com.juaracoding.Hooks - Before step: https://www.saucedemo.com/inventory.html
2026-04-13 20:55:30.690 [main] INFO  com.juaracoding.LoginTest - Checking if user is redirected to the inventory page
2026-04-13 20:55:30.705 [main] INFO  com.juaracoding.Hooks - Before step: https://www.saucedemo.com/inventory.html
2026-04-13 20:55:30.715 [main] INFO  com.juaracoding.LoginTest - Checking the page header
2026-04-13 20:55:30.743 [main] INFO  com.juaracoding.Hooks - After scenario: https://www.saucedemo.com/inventory.html
2026-04-13 20:55:30.754 [main] INFO  com.juaracoding.Hooks - Setting up the WebDriver
2026-04-13 20:55:30.763 [main] INFO  com.juaracoding.Hooks - Before step: https://www.saucedemo.com/inventory.html
2026-04-13 20:55:30.773 [main] INFO  com.juaracoding.LoginTest - Initializing LoginTest
2026-04-13 20:55:30.774 [main] INFO  com.juaracoding.LoginTest - Entering invalid username and password
2026-04-13 20:55:31.105 [main] INFO  com.juaracoding.Hooks - Before step: https://www.saucedemo.com/
2026-04-13 20:55:31.113 [main] INFO  com.juaracoding.LoginTest - Clicking the login button
2026-04-13 20:55:31.201 [main] INFO  com.juaracoding.Hooks - Before step: https://www.saucedemo.com/
2026-04-13 20:55:31.211 [main] INFO  com.juaracoding.LoginTest - Checking for error message
2026-04-13 20:55:31.268 [main] INFO  com.juaracoding.Hooks - After scenario: https://www.saucedemo.com/
2026-04-13 20:55:31.293 [main] INFO  com.juaracoding.Hooks - Tearing down the WebDriver
2026-04-13 21:05:23.365 [main] INFO  com.juaracoding.Hooks - Setting up the WebDriver
2026-04-13 21:05:30.604 [main] INFO  com.juaracoding.Hooks - Before step: about:blank
2026-04-13 21:05:30.689 [main] INFO  com.juaracoding.InventoryTest - Initializing InventoryTest
2026-04-13 21:05:31.062 [main] INFO  com.juaracoding.InventoryTest - Navigating to the inventory page
2026-04-13 21:05:33.234 [main] INFO  com.juaracoding.Hooks - Before step: https://www.saucedemo.com/inventory.html
2026-04-13 21:05:33.257 [main] INFO  com.juaracoding.InventoryTest - User clicks the Add to Cart button for a product
2026-04-13 21:05:33.268 [main] INFO  com.juaracoding.Hooks - Before step: https://www.saucedemo.com/inventory.html
2026-04-13 21:05:33.287 [main] INFO  com.juaracoding.InventoryTest - Checking if product is added to the cart
2026-04-13 21:05:33.297 [main] INFO  com.juaracoding.Hooks - Before step: https://www.saucedemo.com/inventory.html
2026-04-13 21:05:33.311 [main] INFO  com.juaracoding.InventoryTest - Checking the cart icon for the number of items in the cart
2026-04-13 21:05:33.446 [main] INFO  com.juaracoding.Hooks - After scenario: https://www.saucedemo.com/inventory.html
2026-04-13 21:05:33.503 [main] INFO  com.juaracoding.Hooks - Setting up the WebDriver
2026-04-13 21:05:33.515 [main] INFO  com.juaracoding.Hooks - Before step: https://www.saucedemo.com/inventory.html
2026-04-13 21:05:33.533 [main] INFO  com.juaracoding.InventoryTest - Initializing InventoryTest
2026-04-13 21:05:33.534 [main] INFO  com.juaracoding.InventoryTest - Navigating to the inventory page
2026-04-13 21:05:34.361 [main] INFO  com.juaracoding.Hooks - Before step: https://www.saucedemo.com/inventory.html
2026-04-13 21:05:34.385 [main] INFO  com.juaracoding.InventoryTest - User clicks the Add to Cart button for product: Sauce Labs Backpack
2026-04-13 21:05:34.399 [main] INFO  com.juaracoding.Hooks - Before step: https://www.saucedemo.com/inventory.html
2026-04-13 21:05:34.421 [main] INFO  com.juaracoding.InventoryTest - Sauce Labs Backpack should be added to the cart
2026-04-13 21:05:34.463 [main] INFO  com.juaracoding.Hooks - Before step: https://www.saucedemo.com/inventory.html
2026-04-13 21:05:34.480 [main] INFO  com.juaracoding.InventoryTest - Checking the cart icon for the number of items in the cart
2026-04-13 21:05:34.493 [main] INFO  com.juaracoding.Hooks - After scenario: https://www.saucedemo.com/inventory.html
2026-04-13 21:05:34.535 [main] INFO  com.juaracoding.Hooks - Setting up the WebDriver
2026-04-13 21:05:34.545 [main] INFO  com.juaracoding.Hooks - Before step: https://www.saucedemo.com/inventory.html
2026-04-13 21:05:34.560 [main] INFO  com.juaracoding.InventoryTest - Initializing InventoryTest
2026-04-13 21:05:34.561 [main] INFO  com.juaracoding.InventoryTest - Navigating to the inventory page
2026-04-13 21:05:35.677 [main] INFO  com.juaracoding.Hooks - Before step: https://www.saucedemo.com/inventory.html
2026-04-13 21:05:35.715 [main] INFO  com.juaracoding.InventoryTest - User clicks the Add to Cart button for product: Sauce Labs Bike Light
2026-04-13 21:05:35.724 [main] INFO  com.juaracoding.Hooks - Before step: https://www.saucedemo.com/inventory.html
2026-04-13 21:05:35.745 [main] INFO  com.juaracoding.InventoryTest - Sauce Labs Bike Light should be added to the cart
2026-04-13 21:05:35.809 [main] INFO  com.juaracoding.Hooks - Before step: https://www.saucedemo.com/inventory.html
2026-04-13 21:05:35.828 [main] INFO  com.juaracoding.InventoryTest - Checking the cart icon for the number of items in the cart
2026-04-13 21:05:35.836 [main] INFO  com.juaracoding.Hooks - After scenario: https://www.saucedemo.com/inventory.html
2026-04-13 21:05:35.856 [main] INFO  com.juaracoding.Hooks - Setting up the WebDriver
2026-04-13 21:05:35.887 [main] INFO  com.juaracoding.Hooks - Before step: https://www.saucedemo.com/inventory.html
2026-04-13 21:05:35.959 [main] INFO  com.juaracoding.InventoryTest - Initializing InventoryTest
2026-04-13 21:05:35.961 [main] INFO  com.juaracoding.InventoryTest - Navigating to the inventory page
2026-04-13 21:05:36.729 [main] INFO  com.juaracoding.Hooks - Before step: https://www.saucedemo.com/inventory.html
2026-04-13 21:05:36.747 [main] INFO  com.juaracoding.InventoryTest - User clicks the Add to Cart button for product: Sauce Labs Bolt T-Shirt
2026-04-13 21:05:36.773 [main] INFO  com.juaracoding.Hooks - Before step: https://www.saucedemo.com/inventory.html
2026-04-13 21:05:36.791 [main] INFO  com.juaracoding.InventoryTest - Sauce Labs Bolt T-Shirt should be added to the cart
2026-04-13 21:05:36.802 [main] INFO  com.juaracoding.Hooks - Before step: https://www.saucedemo.com/inventory.html
2026-04-13 21:05:36.835 [main] INFO  com.juaracoding.InventoryTest - Checking the cart icon for the number of items in the cart
2026-04-13 21:05:36.862 [main] INFO  com.juaracoding.Hooks - After scenario: https://www.saucedemo.com/inventory.html
2026-04-13 21:05:36.879 [main] INFO  com.juaracoding.Hooks - Setting up the WebDriver
2026-04-13 21:05:36.885 [main] INFO  com.juaracoding.Hooks - Before step: https://www.saucedemo.com/inventory.html
2026-04-13 21:05:36.935 [main] INFO  com.juaracoding.LoginTest - Initializing LoginTest
2026-04-13 21:05:36.936 [main] INFO  com.juaracoding.LoginTest - Navigating to the login page
2026-04-13 21:05:37.367 [main] INFO  com.juaracoding.Hooks - Before step: https://www.saucedemo.com/
2026-04-13 21:05:37.388 [main] INFO  com.juaracoding.LoginTest - Entering valid username and password
2026-04-13 21:05:37.592 [main] INFO  com.juaracoding.Hooks - Before step: https://www.saucedemo.com/
2026-04-13 21:05:37.603 [main] INFO  com.juaracoding.LoginTest - Clicking the login button
2026-04-13 21:05:37.750 [main] INFO  com.juaracoding.Hooks - Before step: https://www.saucedemo.com/inventory.html
2026-04-13 21:05:37.769 [main] INFO  com.juaracoding.LoginTest - Checking if user is redirected to the inventory page
2026-04-13 21:05:37.786 [main] INFO  com.juaracoding.Hooks - Before step: https://www.saucedemo.com/inventory.html
2026-04-13 21:05:37.803 [main] INFO  com.juaracoding.LoginTest - Checking the page header
2026-04-13 21:05:37.882 [main] INFO  com.juaracoding.Hooks - After scenario: https://www.saucedemo.com/inventory.html
2026-04-13 21:05:37.902 [main] INFO  com.juaracoding.Hooks - Setting up the WebDriver
2026-04-13 21:05:37.914 [main] INFO  com.juaracoding.Hooks - Before step: https://www.saucedemo.com/inventory.html
2026-04-13 21:05:37.929 [main] INFO  com.juaracoding.LoginTest - Initializing LoginTest
2026-04-13 21:05:37.930 [main] INFO  com.juaracoding.LoginTest - Entering invalid username and password
2026-04-13 21:05:38.415 [main] INFO  com.juaracoding.Hooks - Before step: https://www.saucedemo.com/
2026-04-13 21:05:38.435 [main] INFO  com.juaracoding.LoginTest - Clicking the login button
2026-04-13 21:05:38.561 [main] INFO  com.juaracoding.Hooks - Before step: https://www.saucedemo.com/
2026-04-13 21:05:38.574 [main] INFO  com.juaracoding.LoginTest - Checking for error message
2026-04-13 21:05:38.676 [main] INFO  com.juaracoding.Hooks - After scenario: https://www.saucedemo.com/
2026-04-13 21:05:38.786 [main] INFO  com.juaracoding.Hooks - Tearing down the WebDriver
2026-04-13 21:13:59.971 [main] INFO  com.juaracoding.Hooks - Setting up the WebDriver
2026-04-13 21:14:07.815 [main] INFO  com.juaracoding.Hooks - Before step: about:blank
2026-04-13 21:14:07.835 [main] INFO  com.juaracoding.InventoryTest - Initializing InventoryTest
2026-04-13 21:14:08.034 [main] INFO  com.juaracoding.InventoryTest - Navigating to the inventory page
2026-04-13 21:14:10.043 [main] INFO  com.juaracoding.Hooks - Before step: https://www.saucedemo.com/inventory.html
2026-04-13 21:14:10.088 [main] INFO  com.juaracoding.InventoryTest - User clicks the Add to Cart button for a product
2026-04-13 21:14:10.108 [main] INFO  com.juaracoding.Hooks - Before step: https://www.saucedemo.com/inventory.html
2026-04-13 21:14:10.155 [main] INFO  com.juaracoding.InventoryTest - Checking if product is added to the cart
2026-04-13 21:14:10.171 [main] INFO  com.juaracoding.Hooks - Before step: https://www.saucedemo.com/inventory.html
2026-04-13 21:14:10.255 [main] INFO  com.juaracoding.InventoryTest - Checking the cart icon for the number of items in the cart
2026-04-13 21:14:10.263 [main] INFO  com.juaracoding.Hooks - After scenario: https://www.saucedemo.com/inventory.html
2026-04-13 21:14:10.707 [main] INFO  com.juaracoding.Hooks - Setting up the WebDriver
2026-04-13 21:14:10.729 [main] INFO  com.juaracoding.Hooks - Before step: https://www.saucedemo.com/inventory.html
2026-04-13 21:14:10.757 [main] INFO  com.juaracoding.InventoryTest - Initializing InventoryTest
2026-04-13 21:14:10.759 [main] INFO  com.juaracoding.InventoryTest - Navigating to the inventory page
2026-04-13 21:14:13.992 [main] INFO  com.juaracoding.Hooks - Before step: https://www.saucedemo.com/inventory.html
2026-04-13 21:14:14.011 [main] INFO  com.juaracoding.InventoryTest - User clicks the Add to Cart button for product: Sauce Labs Backpack
2026-04-13 21:14:14.048 [main] INFO  com.juaracoding.Hooks - Before step: https://www.saucedemo.com/inventory.html
2026-04-13 21:14:14.075 [main] INFO  com.juaracoding.InventoryTest - Sauce Labs Backpack should be added to the cart
2026-04-13 21:14:14.084 [main] INFO  com.juaracoding.Hooks - Before step: https://www.saucedemo.com/inventory.html
2026-04-13 21:14:14.098 [main] INFO  com.juaracoding.InventoryTest - Checking the cart icon for the number of items in the cart
2026-04-13 21:14:14.103 [main] INFO  com.juaracoding.Hooks - After scenario: https://www.saucedemo.com/inventory.html
2026-04-13 21:14:14.136 [main] INFO  com.juaracoding.Hooks - Setting up the WebDriver
2026-04-13 21:14:14.145 [main] INFO  com.juaracoding.Hooks - Before step: https://www.saucedemo.com/inventory.html
2026-04-13 21:14:14.163 [main] INFO  com.juaracoding.InventoryTest - Initializing InventoryTest
2026-04-13 21:14:14.165 [main] INFO  com.juaracoding.InventoryTest - Navigating to the inventory page
2026-04-13 21:14:15.187 [main] INFO  com.juaracoding.Hooks - Before step: https://www.saucedemo.com/inventory.html
2026-04-13 21:14:15.197 [main] INFO  com.juaracoding.InventoryTest - User clicks the Add to Cart button for product: Sauce Labs Bike Light
2026-04-13 21:14:15.203 [main] INFO  com.juaracoding.Hooks - Before step: https://www.saucedemo.com/inventory.html
2026-04-13 21:14:15.214 [main] INFO  com.juaracoding.InventoryTest - Sauce Labs Bike Light should be added to the cart
2026-04-13 21:14:15.221 [main] INFO  com.juaracoding.Hooks - Before step: https://www.saucedemo.com/inventory.html
2026-04-13 21:14:15.232 [main] INFO  com.juaracoding.InventoryTest - Checking the cart icon for the number of items in the cart
2026-04-13 21:14:15.238 [main] INFO  com.juaracoding.Hooks - After scenario: https://www.saucedemo.com/inventory.html
2026-04-13 21:14:15.260 [main] INFO  com.juaracoding.Hooks - Setting up the WebDriver
2026-04-13 21:14:15.265 [main] INFO  com.juaracoding.Hooks - Before step: https://www.saucedemo.com/inventory.html
2026-04-13 21:14:15.280 [main] INFO  com.juaracoding.InventoryTest - Initializing InventoryTest
2026-04-13 21:14:15.282 [main] INFO  com.juaracoding.InventoryTest - Navigating to the inventory page
2026-04-13 21:14:16.190 [main] INFO  com.juaracoding.Hooks - Before step: https://www.saucedemo.com/inventory.html
2026-04-13 21:14:16.211 [main] INFO  com.juaracoding.InventoryTest - User clicks the Add to Cart button for product: Sauce Labs Bolt T-Shirt
2026-04-13 21:14:16.231 [main] INFO  com.juaracoding.Hooks - Before step: https://www.saucedemo.com/inventory.html
2026-04-13 21:14:16.249 [main] INFO  com.juaracoding.InventoryTest - Sauce Labs Bolt T-Shirt should be added to the cart
2026-04-13 21:14:16.257 [main] INFO  com.juaracoding.Hooks - Before step: https://www.saucedemo.com/inventory.html
2026-04-13 21:14:16.298 [main] INFO  com.juaracoding.InventoryTest - Checking the cart icon for the number of items in the cart
2026-04-13 21:14:16.307 [main] INFO  com.juaracoding.Hooks - After scenario: https://www.saucedemo.com/inventory.html
2026-04-13 21:14:16.320 [main] INFO  com.juaracoding.Hooks - Setting up the WebDriver
2026-04-13 21:14:16.333 [main] INFO  com.juaracoding.Hooks - Before step: https://www.saucedemo.com/inventory.html
2026-04-13 21:14:16.365 [main] INFO  com.juaracoding.LoginTest - Initializing LoginTest
2026-04-13 21:14:16.367 [main] INFO  com.juaracoding.LoginTest - Navigating to the login page
2026-04-13 21:14:16.788 [main] INFO  com.juaracoding.Hooks - Before step: https://www.saucedemo.com/
2026-04-13 21:14:16.806 [main] INFO  com.juaracoding.LoginTest - Entering valid username and password
2026-04-13 21:14:17.281 [main] INFO  com.juaracoding.Hooks - Before step: https://www.saucedemo.com/
2026-04-13 21:14:17.290 [main] INFO  com.juaracoding.LoginTest - Clicking the login button
2026-04-13 21:14:17.455 [main] INFO  com.juaracoding.Hooks - Before step: https://www.saucedemo.com/inventory.html
2026-04-13 21:14:17.468 [main] INFO  com.juaracoding.LoginTest - Checking if user is redirected to the inventory page
2026-04-13 21:14:17.488 [main] INFO  com.juaracoding.Hooks - Before step: https://www.saucedemo.com/inventory.html
2026-04-13 21:14:17.500 [main] INFO  com.juaracoding.LoginTest - Checking the page header
2026-04-13 21:14:17.540 [main] INFO  com.juaracoding.Hooks - After scenario: https://www.saucedemo.com/inventory.html
2026-04-13 21:14:17.555 [main] INFO  com.juaracoding.Hooks - Setting up the WebDriver
2026-04-13 21:14:17.563 [main] INFO  com.juaracoding.Hooks - Before step: https://www.saucedemo.com/inventory.html
2026-04-13 21:14:17.577 [main] INFO  com.juaracoding.LoginTest - Initializing LoginTest
2026-04-13 21:14:17.579 [main] INFO  com.juaracoding.LoginTest - Entering invalid username and password
2026-04-13 21:14:17.904 [main] INFO  com.juaracoding.Hooks - Before step: https://www.saucedemo.com/
2026-04-13 21:14:17.914 [main] INFO  com.juaracoding.LoginTest - Clicking the login button
2026-04-13 21:14:18.015 [main] INFO  com.juaracoding.Hooks - Before step: https://www.saucedemo.com/
2026-04-13 21:14:18.031 [main] INFO  com.juaracoding.LoginTest - Checking for error message
2026-04-13 21:14:18.103 [main] INFO  com.juaracoding.Hooks - After scenario: https://www.saucedemo.com/
2026-04-13 21:14:18.305 [main] INFO  com.juaracoding.Hooks - Tearing down the WebDriver
2026-04-13 21:18:17.178 [main] INFO  com.juaracoding.Hooks - Setting up the WebDriver
2026-04-13 21:18:25.805 [main] INFO  com.juaracoding.Hooks - Before step: about:blank
2026-04-13 21:18:25.822 [main] INFO  com.juaracoding.InventoryTest - Initializing InventoryTest
2026-04-13 21:18:26.091 [main] INFO  com.juaracoding.InventoryTest - Navigating to the inventory page
2026-04-13 21:18:28.082 [main] INFO  com.juaracoding.Hooks - Before step: https://www.saucedemo.com/inventory.html
2026-04-13 21:18:28.138 [main] INFO  com.juaracoding.InventoryTest - User clicks the Add to Cart button for a product
2026-04-13 21:18:28.160 [main] INFO  com.juaracoding.Hooks - Before step: https://www.saucedemo.com/inventory.html
2026-04-13 21:18:28.261 [main] INFO  com.juaracoding.InventoryTest - Checking if product is added to the cart
2026-04-13 21:18:28.286 [main] INFO  com.juaracoding.Hooks - Before step: https://www.saucedemo.com/inventory.html
2026-04-13 21:18:28.311 [main] INFO  com.juaracoding.InventoryTest - Checking the cart icon for the number of items in the cart
2026-04-13 21:18:28.323 [main] INFO  com.juaracoding.Hooks - After scenario: https://www.saucedemo.com/inventory.html
2026-04-13 21:18:28.373 [main] INFO  com.juaracoding.Hooks - Setting up the WebDriver
2026-04-13 21:18:28.388 [main] INFO  com.juaracoding.Hooks - Before step: https://www.saucedemo.com/inventory.html
2026-04-13 21:18:28.408 [main] INFO  com.juaracoding.InventoryTest - Initializing InventoryTest
2026-04-13 21:18:28.429 [main] INFO  com.juaracoding.InventoryTest - Navigating to the inventory page
2026-04-13 21:18:30.159 [main] INFO  com.juaracoding.Hooks - Before step: https://www.saucedemo.com/inventory.html
2026-04-13 21:18:30.182 [main] INFO  com.juaracoding.InventoryTest - User clicks the Add to Cart button for product: Sauce Labs Backpack
2026-04-13 21:18:30.195 [main] INFO  com.juaracoding.Hooks - Before step: https://www.saucedemo.com/inventory.html
2026-04-13 21:18:30.228 [main] INFO  com.juaracoding.InventoryTest - Sauce Labs Backpack should be added to the cart
2026-04-13 21:18:30.239 [main] INFO  com.juaracoding.Hooks - Before step: https://www.saucedemo.com/inventory.html
2026-04-13 21:18:30.266 [main] INFO  com.juaracoding.InventoryTest - Checking the cart icon for the number of items in the cart
2026-04-13 21:18:30.276 [main] INFO  com.juaracoding.Hooks - After scenario: https://www.saucedemo.com/inventory.html
2026-04-13 21:18:30.294 [main] INFO  com.juaracoding.Hooks - Setting up the WebDriver
2026-04-13 21:18:30.360 [main] INFO  com.juaracoding.Hooks - Before step: https://www.saucedemo.com/inventory.html
2026-04-13 21:18:30.448 [main] INFO  com.juaracoding.InventoryTest - Initializing InventoryTest
2026-04-13 21:18:30.450 [main] INFO  com.juaracoding.InventoryTest - Navigating to the inventory page
2026-04-13 21:18:31.513 [main] INFO  com.juaracoding.Hooks - Before step: https://www.saucedemo.com/inventory.html
2026-04-13 21:18:31.541 [main] INFO  com.juaracoding.InventoryTest - User clicks the Add to Cart button for product: Sauce Labs Bike Light
2026-04-13 21:18:31.552 [main] INFO  com.juaracoding.Hooks - Before step: https://www.saucedemo.com/inventory.html
2026-04-13 21:18:31.573 [main] INFO  com.juaracoding.InventoryTest - Sauce Labs Bike Light should be added to the cart
2026-04-13 21:18:31.586 [main] INFO  com.juaracoding.Hooks - Before step: https://www.saucedemo.com/inventory.html
2026-04-13 21:18:31.615 [main] INFO  com.juaracoding.InventoryTest - Checking the cart icon for the number of items in the cart
2026-04-13 21:18:31.625 [main] INFO  com.juaracoding.Hooks - After scenario: https://www.saucedemo.com/inventory.html
2026-04-13 21:18:31.660 [main] INFO  com.juaracoding.Hooks - Setting up the WebDriver
2026-04-13 21:18:31.673 [main] INFO  com.juaracoding.Hooks - Before step: https://www.saucedemo.com/inventory.html
2026-04-13 21:18:31.715 [main] INFO  com.juaracoding.InventoryTest - Initializing InventoryTest
2026-04-13 21:18:31.717 [main] INFO  com.juaracoding.InventoryTest - Navigating to the inventory page
2026-04-13 21:18:32.653 [main] INFO  com.juaracoding.Hooks - Before step: https://www.saucedemo.com/inventory.html
2026-04-13 21:18:32.672 [main] INFO  com.juaracoding.InventoryTest - User clicks the Add to Cart button for product: Sauce Labs Bolt T-Shirt
2026-04-13 21:18:32.705 [main] INFO  com.juaracoding.Hooks - Before step: https://www.saucedemo.com/inventory.html
2026-04-13 21:18:32.716 [main] INFO  com.juaracoding.InventoryTest - Sauce Labs Bolt T-Shirt should be added to the cart
2026-04-13 21:18:32.736 [main] INFO  com.juaracoding.Hooks - Before step: https://www.saucedemo.com/inventory.html
2026-04-13 21:18:32.752 [main] INFO  com.juaracoding.InventoryTest - Checking the cart icon for the number of items in the cart
2026-04-13 21:18:32.760 [main] INFO  com.juaracoding.Hooks - After scenario: https://www.saucedemo.com/inventory.html
2026-04-13 21:18:32.775 [main] INFO  com.juaracoding.Hooks - Setting up the WebDriver
2026-04-13 21:18:32.789 [main] INFO  com.juaracoding.Hooks - Before step: https://www.saucedemo.com/inventory.html
2026-04-13 21:18:32.815 [main] INFO  com.juaracoding.LoginTest - Initializing LoginTest
2026-04-13 21:18:32.819 [main] INFO  com.juaracoding.LoginTest - Navigating to the login page
2026-04-13 21:18:33.058 [main] INFO  com.juaracoding.Hooks - Before step: https://www.saucedemo.com/
2026-04-13 21:18:33.074 [main] INFO  com.juaracoding.LoginTest - Entering valid username and password
2026-04-13 21:18:33.239 [main] INFO  com.juaracoding.Hooks - Before step: https://www.saucedemo.com/
2026-04-13 21:18:33.256 [main] INFO  com.juaracoding.LoginTest - Clicking the login button
2026-04-13 21:18:33.406 [main] INFO  com.juaracoding.Hooks - Before step: https://www.saucedemo.com/inventory.html
2026-04-13 21:18:33.421 [main] INFO  com.juaracoding.LoginTest - Checking if user is redirected to the inventory page
2026-04-13 21:18:33.440 [main] INFO  com.juaracoding.Hooks - Before step: https://www.saucedemo.com/inventory.html
2026-04-13 21:18:33.459 [main] INFO  com.juaracoding.LoginTest - Checking the page header
2026-04-13 21:18:33.486 [main] INFO  com.juaracoding.Hooks - After scenario: https://www.saucedemo.com/inventory.html
2026-04-13 21:18:33.501 [main] INFO  com.juaracoding.Hooks - Setting up the WebDriver
2026-04-13 21:18:33.511 [main] INFO  com.juaracoding.Hooks - Before step: https://www.saucedemo.com/inventory.html
2026-04-13 21:18:33.524 [main] INFO  com.juaracoding.LoginTest - Initializing LoginTest
2026-04-13 21:18:33.525 [main] INFO  com.juaracoding.LoginTest - Entering invalid username and password
2026-04-13 21:18:33.955 [main] INFO  com.juaracoding.Hooks - Before step: https://www.saucedemo.com/
2026-04-13 21:18:33.969 [main] INFO  com.juaracoding.LoginTest - Clicking the login button
2026-04-13 21:18:34.071 [main] INFO  com.juaracoding.Hooks - Before step: https://www.saucedemo.com/
2026-04-13 21:18:34.084 [main] INFO  com.juaracoding.LoginTest - Checking for error message
2026-04-13 21:18:34.130 [main] INFO  com.juaracoding.Hooks - After scenario: https://www.saucedemo.com/
2026-04-13 21:18:34.218 [main] INFO  com.juaracoding.Hooks - Tearing down the WebDriver
2026-04-13 21:21:58.023 [main] INFO  com.juaracoding.Hooks - Setting up the WebDriver
2026-04-13 21:22:04.745 [main] INFO  com.juaracoding.Hooks - Before step: about:blank
2026-04-13 21:22:04.793 [main] INFO  com.juaracoding.InventoryTest - Initializing InventoryTest
2026-04-13 21:22:04.863 [main] INFO  com.juaracoding.InventoryTest - Navigating to the inventory page
2026-04-13 21:22:08.557 [main] INFO  com.juaracoding.Hooks - Before step: https://www.saucedemo.com/inventory.html
2026-04-13 21:22:08.615 [main] INFO  com.juaracoding.InventoryTest - User clicks the Add to Cart button for a product
2026-04-13 21:22:08.664 [main] INFO  com.juaracoding.Hooks - Before step: https://www.saucedemo.com/inventory.html
2026-04-13 21:22:08.688 [main] INFO  com.juaracoding.InventoryTest - Checking if product is added to the cart
2026-04-13 21:22:08.697 [main] INFO  com.juaracoding.Hooks - Before step: https://www.saucedemo.com/inventory.html
2026-04-13 21:22:08.723 [main] INFO  com.juaracoding.InventoryTest - Checking the cart icon for the number of items in the cart
2026-04-13 21:22:08.739 [main] INFO  com.juaracoding.Hooks - After scenario: https://www.saucedemo.com/inventory.html
2026-04-13 21:22:08.784 [main] INFO  com.juaracoding.Hooks - Setting up the WebDriver
2026-04-13 21:22:08.796 [main] INFO  com.juaracoding.Hooks - Before step: https://www.saucedemo.com/inventory.html
2026-04-13 21:22:08.813 [main] INFO  com.juaracoding.InventoryTest - Initializing InventoryTest
2026-04-13 21:22:08.815 [main] INFO  com.juaracoding.InventoryTest - Navigating to the inventory page
2026-04-13 21:22:09.627 [main] INFO  com.juaracoding.Hooks - Before step: https://www.saucedemo.com/inventory.html
2026-04-13 21:22:09.659 [main] INFO  com.juaracoding.InventoryTest - User clicks the Add to Cart button for product: Sauce Labs Backpack
2026-04-13 21:22:09.679 [main] INFO  com.juaracoding.Hooks - Before step: https://www.saucedemo.com/inventory.html
2026-04-13 21:22:09.695 [main] INFO  com.juaracoding.InventoryTest - Sauce Labs Backpack should be added to the cart
2026-04-13 21:22:09.707 [main] INFO  com.juaracoding.Hooks - Before step: https://www.saucedemo.com/inventory.html
2026-04-13 21:22:09.731 [main] INFO  com.juaracoding.InventoryTest - Checking the cart icon for the number of items in the cart
2026-04-13 21:22:09.744 [main] INFO  com.juaracoding.Hooks - After scenario: https://www.saucedemo.com/inventory.html
2026-04-13 21:22:09.764 [main] INFO  com.juaracoding.Hooks - Setting up the WebDriver
2026-04-13 21:22:09.776 [main] INFO  com.juaracoding.Hooks - Before step: https://www.saucedemo.com/inventory.html
2026-04-13 21:22:09.799 [main] INFO  com.juaracoding.InventoryTest - Initializing InventoryTest
2026-04-13 21:22:09.806 [main] INFO  com.juaracoding.InventoryTest - Navigating to the inventory page
2026-04-13 21:22:10.721 [main] INFO  com.juaracoding.Hooks - Before step: https://www.saucedemo.com/inventory.html
2026-04-13 21:22:10.736 [main] INFO  com.juaracoding.InventoryTest - User clicks the Add to Cart button for product: Sauce Labs Bike Light
2026-04-13 21:22:10.742 [main] INFO  com.juaracoding.Hooks - Before step: https://www.saucedemo.com/inventory.html
2026-04-13 21:22:10.755 [main] INFO  com.juaracoding.InventoryTest - Sauce Labs Bike Light should be added to the cart
2026-04-13 21:22:10.763 [main] INFO  com.juaracoding.Hooks - Before step: https://www.saucedemo.com/inventory.html
2026-04-13 21:22:10.778 [main] INFO  com.juaracoding.InventoryTest - Checking the cart icon for the number of items in the cart
2026-04-13 21:22:10.786 [main] INFO  com.juaracoding.Hooks - After scenario: https://www.saucedemo.com/inventory.html
2026-04-13 21:22:10.806 [main] INFO  com.juaracoding.Hooks - Setting up the WebDriver
2026-04-13 21:22:10.816 [main] INFO  com.juaracoding.Hooks - Before step: https://www.saucedemo.com/inventory.html
2026-04-13 21:22:10.831 [main] INFO  com.juaracoding.InventoryTest - Initializing InventoryTest
2026-04-13 21:22:10.832 [main] INFO  com.juaracoding.InventoryTest - Navigating to the inventory page
2026-04-13 21:22:11.490 [main] INFO  com.juaracoding.Hooks - Before step: https://www.saucedemo.com/inventory.html
2026-04-13 21:22:11.499 [main] INFO  com.juaracoding.InventoryTest - User clicks the Add to Cart button for product: Sauce Labs Bolt T-Shirt
2026-04-13 21:22:11.511 [main] INFO  com.juaracoding.Hooks - Before step: https://www.saucedemo.com/inventory.html
2026-04-13 21:22:11.524 [main] INFO  com.juaracoding.InventoryTest - Sauce Labs Bolt T-Shirt should be added to the cart
2026-04-13 21:22:11.531 [main] INFO  com.juaracoding.Hooks - Before step: https://www.saucedemo.com/inventory.html
2026-04-13 21:22:11.570 [main] INFO  com.juaracoding.InventoryTest - Checking the cart icon for the number of items in the cart
2026-04-13 21:22:11.577 [main] INFO  com.juaracoding.Hooks - After scenario: https://www.saucedemo.com/inventory.html
2026-04-13 21:22:11.598 [main] INFO  com.juaracoding.Hooks - Setting up the WebDriver
2026-04-13 21:22:11.603 [main] INFO  com.juaracoding.Hooks - Before step: https://www.saucedemo.com/inventory.html
2026-04-13 21:22:11.655 [main] INFO  com.juaracoding.LoginTest - Initializing LoginTest
2026-04-13 21:22:11.656 [main] INFO  com.juaracoding.LoginTest - Navigating to the login page
2026-04-13 21:22:11.926 [main] INFO  com.juaracoding.Hooks - Before step: https://www.saucedemo.com/
2026-04-13 21:22:11.943 [main] INFO  com.juaracoding.LoginTest - Entering valid username and password
2026-04-13 21:22:12.123 [main] INFO  com.juaracoding.Hooks - Before step: https://www.saucedemo.com/
2026-04-13 21:22:12.132 [main] INFO  com.juaracoding.LoginTest - Clicking the login button
2026-04-13 21:22:12.244 [main] INFO  com.juaracoding.Hooks - Before step: https://www.saucedemo.com/inventory.html
2026-04-13 21:22:12.255 [main] INFO  com.juaracoding.LoginTest - Checking if user is redirected to the inventory page
2026-04-13 21:22:12.274 [main] INFO  com.juaracoding.Hooks - Before step: https://www.saucedemo.com/inventory.html
2026-04-13 21:22:12.282 [main] INFO  com.juaracoding.LoginTest - Checking the page header
2026-04-13 21:22:12.314 [main] INFO  com.juaracoding.Hooks - After scenario: https://www.saucedemo.com/inventory.html
2026-04-13 21:22:12.325 [main] INFO  com.juaracoding.Hooks - Setting up the WebDriver
2026-04-13 21:22:12.331 [main] INFO  com.juaracoding.Hooks - Before step: https://www.saucedemo.com/inventory.html
2026-04-13 21:22:12.341 [main] INFO  com.juaracoding.LoginTest - Initializing LoginTest
2026-04-13 21:22:12.342 [main] INFO  com.juaracoding.LoginTest - Entering invalid username and password
2026-04-13 21:22:12.637 [main] INFO  com.juaracoding.Hooks - Before step: https://www.saucedemo.com/
2026-04-13 21:22:12.646 [main] INFO  com.juaracoding.LoginTest - Clicking the login button
2026-04-13 21:22:12.736 [main] INFO  com.juaracoding.Hooks - Before step: https://www.saucedemo.com/
2026-04-13 21:22:12.751 [main] INFO  com.juaracoding.LoginTest - Checking for error message
2026-04-13 21:22:12.821 [main] INFO  com.juaracoding.Hooks - After scenario: https://www.saucedemo.com/
2026-04-13 21:22:12.906 [main] INFO  com.juaracoding.Hooks - Tearing down the WebDriver
2026-04-13 21:26:46.953 [main] INFO  com.juaracoding.Hooks - Setting up the WebDriver
2026-04-13 21:26:56.178 [main] INFO  com.juaracoding.Hooks - Before step: about:blank
2026-04-13 21:26:56.195 [main] INFO  com.juaracoding.InventoryTest - Initializing InventoryTest
2026-04-13 21:26:56.273 [main] INFO  com.juaracoding.InventoryTest - Navigating to the inventory page
2026-04-13 21:27:00.525 [main] INFO  com.juaracoding.Hooks - Before step: https://www.saucedemo.com/inventory.html
2026-04-13 21:27:00.549 [main] INFO  com.juaracoding.InventoryTest - User clicks the Add to Cart button for a product
2026-04-13 21:27:00.558 [main] INFO  com.juaracoding.Hooks - Before step: https://www.saucedemo.com/inventory.html
2026-04-13 21:27:00.574 [main] INFO  com.juaracoding.InventoryTest - Checking if product is added to the cart
2026-04-13 21:27:00.584 [main] INFO  com.juaracoding.Hooks - Before step: https://www.saucedemo.com/inventory.html
2026-04-13 21:27:00.649 [main] INFO  com.juaracoding.InventoryTest - Checking the cart icon for the number of items in the cart
2026-04-13 21:27:00.660 [main] INFO  com.juaracoding.Hooks - After scenario: https://www.saucedemo.com/inventory.html
2026-04-13 21:27:00.689 [main] INFO  com.juaracoding.Hooks - Setting up the WebDriver
2026-04-13 21:27:00.698 [main] INFO  com.juaracoding.Hooks - Before step: https://www.saucedemo.com/inventory.html
2026-04-13 21:27:00.723 [main] INFO  com.juaracoding.InventoryTest - Initializing InventoryTest
2026-04-13 21:27:00.724 [main] INFO  com.juaracoding.InventoryTest - Navigating to the inventory page
2026-04-13 21:27:01.934 [main] INFO  com.juaracoding.Hooks - Before step: https://www.saucedemo.com/inventory.html
2026-04-13 21:27:01.952 [main] INFO  com.juaracoding.InventoryTest - User clicks the Add to Cart button for product: Sauce Labs Backpack
2026-04-13 21:27:01.965 [main] INFO  com.juaracoding.Hooks - Before step: https://www.saucedemo.com/inventory.html
2026-04-13 21:27:01.984 [main] INFO  com.juaracoding.InventoryTest - Sauce Labs Backpack should be added to the cart
2026-04-13 21:27:01.998 [main] INFO  com.juaracoding.Hooks - Before step: https://www.saucedemo.com/inventory.html
2026-04-13 21:27:02.012 [main] INFO  com.juaracoding.InventoryTest - Checking the cart icon for the number of items in the cart
2026-04-13 21:27:02.018 [main] INFO  com.juaracoding.Hooks - After scenario: https://www.saucedemo.com/inventory.html
2026-04-13 21:27:02.041 [main] INFO  com.juaracoding.Hooks - Setting up the WebDriver
2026-04-13 21:27:02.054 [main] INFO  com.juaracoding.Hooks - Before step: https://www.saucedemo.com/inventory.html
2026-04-13 21:27:02.071 [main] INFO  com.juaracoding.InventoryTest - Initializing InventoryTest
2026-04-13 21:27:02.072 [main] INFO  com.juaracoding.InventoryTest - Navigating to the inventory page
2026-04-13 21:27:02.963 [main] INFO  com.juaracoding.Hooks - Before step: https://www.saucedemo.com/inventory.html
2026-04-13 21:27:02.977 [main] INFO  com.juaracoding.InventoryTest - User clicks the Add to Cart button for product: Sauce Labs Bike Light
2026-04-13 21:27:02.985 [main] INFO  com.juaracoding.Hooks - Before step: https://www.saucedemo.com/inventory.html
2026-04-13 21:27:03.007 [main] INFO  com.juaracoding.InventoryTest - Sauce Labs Bike Light should be added to the cart
2026-04-13 21:27:03.012 [main] INFO  com.juaracoding.Hooks - Before step: https://www.saucedemo.com/inventory.html
2026-04-13 21:27:03.025 [main] INFO  com.juaracoding.InventoryTest - Checking the cart icon for the number of items in the cart
2026-04-13 21:27:03.034 [main] INFO  com.juaracoding.Hooks - After scenario: https://www.saucedemo.com/inventory.html
2026-04-13 21:27:03.048 [main] INFO  com.juaracoding.Hooks - Setting up the WebDriver
2026-04-13 21:27:03.056 [main] INFO  com.juaracoding.Hooks - Before step: https://www.saucedemo.com/inventory.html
2026-04-13 21:27:03.067 [main] INFO  com.juaracoding.InventoryTest - Initializing InventoryTest
2026-04-13 21:27:03.069 [main] INFO  com.juaracoding.InventoryTest - Navigating to the inventory page
2026-04-13 21:27:04.075 [main] INFO  com.juaracoding.Hooks - Before step: https://www.saucedemo.com/inventory.html
2026-04-13 21:27:04.088 [main] INFO  com.juaracoding.InventoryTest - User clicks the Add to Cart button for product: Sauce Labs Bolt T-Shirt
2026-04-13 21:27:04.096 [main] INFO  com.juaracoding.Hooks - Before step: https://www.saucedemo.com/inventory.html
2026-04-13 21:27:04.110 [main] INFO  com.juaracoding.InventoryTest - Sauce Labs Bolt T-Shirt should be added to the cart
2026-04-13 21:27:04.115 [main] INFO  com.juaracoding.Hooks - Before step: https://www.saucedemo.com/inventory.html
2026-04-13 21:27:04.131 [main] INFO  com.juaracoding.InventoryTest - Checking the cart icon for the number of items in the cart
2026-04-13 21:27:04.137 [main] INFO  com.juaracoding.Hooks - After scenario: https://www.saucedemo.com/inventory.html
2026-04-13 21:27:04.146 [main] INFO  com.juaracoding.Hooks - Setting up the WebDriver
2026-04-13 21:27:04.153 [main] INFO  com.juaracoding.Hooks - Before step: https://www.saucedemo.com/inventory.html
2026-04-13 21:27:04.178 [main] INFO  com.juaracoding.LoginTest - Initializing LoginTest
2026-04-13 21:27:04.180 [main] INFO  com.juaracoding.LoginTest - Navigating to the login page
2026-04-13 21:27:04.471 [main] INFO  com.juaracoding.Hooks - Before step: https://www.saucedemo.com/
2026-04-13 21:27:04.488 [main] INFO  com.juaracoding.LoginTest - Entering valid username and password
2026-04-13 21:27:04.716 [main] INFO  com.juaracoding.Hooks - Before step: https://www.saucedemo.com/
2026-04-13 21:27:04.729 [main] INFO  com.juaracoding.LoginTest - Clicking the login button
2026-04-13 21:27:04.859 [main] INFO  com.juaracoding.Hooks - Before step: https://www.saucedemo.com/inventory.html
2026-04-13 21:27:04.872 [main] INFO  com.juaracoding.LoginTest - Checking if user is redirected to the inventory page
2026-04-13 21:27:04.889 [main] INFO  com.juaracoding.Hooks - Before step: https://www.saucedemo.com/inventory.html
2026-04-13 21:27:04.902 [main] INFO  com.juaracoding.LoginTest - Checking the page header
2026-04-13 21:27:04.940 [main] INFO  com.juaracoding.Hooks - After scenario: https://www.saucedemo.com/inventory.html
2026-04-13 21:27:04.953 [main] INFO  com.juaracoding.Hooks - Setting up the WebDriver
2026-04-13 21:27:04.960 [main] INFO  com.juaracoding.Hooks - Before step: https://www.saucedemo.com/inventory.html
2026-04-13 21:27:04.970 [main] INFO  com.juaracoding.LoginTest - Initializing LoginTest
2026-04-13 21:27:04.971 [main] INFO  com.juaracoding.LoginTest - Entering invalid username and password
2026-04-13 21:27:05.348 [main] INFO  com.juaracoding.Hooks - Before step: https://www.saucedemo.com/
2026-04-13 21:27:05.360 [main] INFO  com.juaracoding.LoginTest - Clicking the login button
2026-04-13 21:27:05.461 [main] INFO  com.juaracoding.Hooks - Before step: https://www.saucedemo.com/
2026-04-13 21:27:05.474 [main] INFO  com.juaracoding.LoginTest - Checking for error message
2026-04-13 21:27:05.528 [main] INFO  com.juaracoding.Hooks - After scenario: https://www.saucedemo.com/
2026-04-13 21:27:05.629 [main] INFO  com.juaracoding.Hooks - Tearing down the WebDriver
